mise WARN  missing: erlang@28.3 elixir@1.19.4-otp-28
Using Expo modules
[Expo] Enabling modular headers for pod ExpoModulesCore
[Expo] Enabling modular headers for pod ExpoModulesJSI
[Expo] Enabling modular headers for pod React-RCTAppDelegate
[Expo] Enabling modular headers for pod React-RCTFabric
[Expo] Enabling modular headers for pod ReactAppDependencyProvider
[Expo] Enabling modular headers for pod React-Core
[Expo] Enabling modular headers for pod ReactCodegen
[Expo] Enabling modular headers for pod RCTRequired
[Expo] Enabling modular headers for pod RCTTypeSafety
[Expo] Enabling modular headers for pod ReactCommon
[Expo] Enabling modular headers for pod React-NativeModulesApple
[Expo] Enabling modular headers for pod Yoga
[Expo] Enabling modular headers for pod React-Fabric
[Expo] Enabling modular headers for pod React-graphics
[Expo] Enabling modular headers for pod React-utils
[Expo] Enabling modular headers for pod React-featureflags
[Expo] Enabling modular headers for pod React-debug
[Expo] Enabling modular headers for pod React-ImageManager
[Expo] Enabling modular headers for pod React-rendererdebug
[Expo] Enabling modular headers for pod React-jsi
[Expo] Enabling modular headers for pod React-renderercss
[Expo] Enabling modular headers for pod hermes-engine
[Expo] Enabling modular headers for pod glog
[Expo] Enabling modular headers for pod boost
[Expo] Enabling modular headers for pod DoubleConversion
[Expo] Enabling modular headers for pod fast_float
[Expo] Enabling modular headers for pod fmt
[Expo] Enabling modular headers for pod RCT-Folly
[Expo] Enabling modular headers for pod SocketRocket
Found 1 module for target `LokaR1A2`
link_native_modules! {ios_packages: [{configurations: [], name: "expo", root: "~/dev/lokacore-a2/r1-spike/mobile/node_modules/expo", path: "../node_modules/expo", podspec_path: "~/dev/lokacore-a2/r1-spike/mobile/node_modules/expo/Expo.podspec", script_phases: []}], ios_project_root_path: "~/dev/lokacore-a2/r1-spike/mobile/ios", react_native_path: "../node_modules/react-native"}
Framework build type is static library
[ReactNativeDependencies] Setting up ReactNativeDependencies...
[ReactNativeDependencies] Building from source: false
[ReactNativeDependencies] Using tarball from URL: https://repo1.maven.org/maven2/com/facebook/react/react-native-artifacts/0.86.3/react-native-artifacts-0.86.3-reactnative-dependencies-debug.tar.gz
[ReactNativeDependencies] Verifying checksum for cached reactnative-dependencies-0.86.3-debug.tar.gz...
[Cache] SHA1 verified for reactnative-dependencies-0.86.3-debug.tar.gz
[ReactNativeDependencies] Cache hit: copying reactnative-dependencies-0.86.3-debug.tar.gz from shared cache (~/Library/Caches/ReactNative)
[ReactNativeDependencies] Verifying checksum for cached reactnative-dependencies-0.86.3-release.tar.gz...
[Cache] SHA1 verified for reactnative-dependencies-0.86.3-release.tar.gz
[ReactNativeDependencies] Cache hit: copying reactnative-dependencies-0.86.3-release.tar.gz from shared cache (~/Library/Caches/ReactNative)
[ReactNativeDependencies] Source: {http: "https://repo1.maven.org/maven2/com/facebook/react/react-native-artifacts/0.86.3/react-native-artifacts-0.86.3-reactnative-dependencies-debug.tar.gz"}
[ReactNativeCore] Setting up ReactNativeCore...
[ReactNativeCore] Building from source: false
Configuring the target with the New Architecture
[ReactNativeCore] Using React Native Core and React Native Dependencies prebuilt versions.
[36m[1m[Codegen][0m Analyzing ~/dev/lokacore-a2/r1-spike/mobile/package.json[0m
[36m[1m[Codegen][0m [33mSearching for codegen-enabled libraries in the app.[0m
[36m[1m[Codegen][0m [33mThe "codegenConfig" field is not defined in package.json. Assuming there is nothing to generate at the app level.[0m
[36m[1m[Codegen][0m [33mSearching for codegen-enabled libraries in react-native.config.js[0m
[36m[1m[Codegen][0m [33mNo codegen-enabled libraries found.[0m
[36m[1m[Codegen][0m Generating RCTThirdPartyComponentsProvider.h[0m
[36m[1m[Codegen][0m Generated artifact: ~/dev/lokacore-a2/r1-spike/mobile/ios/build/generated/ios/ReactCodegen/RCTThirdPartyComponentsProvider.h[0m
[36m[1m[Codegen][0m Generating RCTThirdPartyComponentsProvider.mm[0m
[36m[1m[Codegen][0m Generated artifact: ~/dev/lokacore-a2/r1-spike/mobile/ios/build/generated/ios/ReactCodegen/RCTThirdPartyComponentsProvider.mm[0m
[36m[1m[Codegen][0m Generating RCTModulesProvider.h[0m
[36m[1m[Codegen][0m Generated artifact: ~/dev/lokacore-a2/r1-spike/mobile/ios/build/generated/ios/ReactCodegen/RCTModuleProviders.h[0m
[36m[1m[Codegen][0m Generating RCTModuleProviders.mm[0m
[36m[1m[Codegen][0m Generated artifact: ~/dev/lokacore-a2/r1-spike/mobile/ios/build/generated/ios/ReactCodegen/RCTModuleProviders.mm[0m
[36m[1m[Codegen][0m Generating RCTAppDependencyProvider[0m
[36m[1m[Codegen][0m Generated artifact: ~/dev/lokacore-a2/r1-spike/mobile/ios/build/generated/ios/ReactAppDependencyProvider/RCTAppDependencyProvider.h[0m
[36m[1m[Codegen][0m Generated artifact: ~/dev/lokacore-a2/r1-spike/mobile/ios/build/generated/ios/ReactAppDependencyProvider/RCTAppDependencyProvider.mm[0m
[36m[1m[Codegen][0m Generated podspec: ~/dev/lokacore-a2/r1-spike/mobile/ios/build/generated/ios/ReactAppDependencyProvider/ReactAppDependencyProvider.podspec[0m
[36m[1m[Codegen][0m Generated podspec: ~/dev/lokacore-a2/r1-spike/mobile/ios/build/generated/ios/ReactCodegen/ReactCodegen.podspec[0m
[36m[1m[Codegen][0m Generating Package.swift[0m
[36m[1m[Codegen][0m Generated artifact: ~/dev/lokacore-a2/r1-spike/mobile/ios/build/generated/ios/Package.swift[0m
[36m[1m[Codegen][0m [33mDone.[0m
Analyzing dependencies
Fetching podspec for `ExpoFileSystem` from `../node_modules/expo/node_modules/expo-file-system/ios/ExpoFileSystem.podspec`
Fetching podspec for `ExpoFont` from `../node_modules/expo/node_modules/expo-font/ios/ExpoFont.podspec`
Fetching podspec for `ExpoModulesCore` from `../node_modules/expo-modules-core/ExpoModulesCore.podspec`
Fetching podspec for `ExpoModulesWorklets` from `../node_modules/expo-modules-core/ExpoModulesWorklets.podspec`
Fetching podspec for `React-Core-prebuilt` from `../node_modules/react-native/React-Core-prebuilt.podspec`
[ReactNativeCore] Verifying checksum for cached reactnative-core-0.86.3-debug.tar.gz...
[Cache] SHA1 verified for reactnative-core-0.86.3-debug.tar.gz
[ReactNativeCore] Cache hit: copying reactnative-core-0.86.3-debug.tar.gz from shared cache (~/Library/Caches/ReactNative)
[ReactNativeCore] Verifying checksum for cached reactnative-core-0.86.3-release.tar.gz...
[Cache] SHA1 verified for reactnative-core-0.86.3-release.tar.gz
[ReactNativeCore] Cache hit: copying reactnative-core-0.86.3-release.tar.gz from shared cache (~/Library/Caches/ReactNative)
[ReactNativeCore] Resolved stable ReactNativeCore-prebuilt version:
[ReactNativeCore]   ../../ios/Pods/ReactNativeCore-artifacts/reactnative-core-0.86.3-debug.tar.gz
[ReactNativeCore]   ../../ios/Pods/ReactNativeCore-artifacts/reactnative-core-0.86.3-release.tar.gz
Fetching podspec for `ReactNativeDependencies` from `../node_modules/react-native/third-party-podspecs/ReactNativeDependencies.podspec`
[ReactNativeDependencies] Using tarball from URL: https://repo1.maven.org/maven2/com/facebook/react/react-native-artifacts/0.86.3/react-native-artifacts-0.86.3-reactnative-dependencies-debug.tar.gz
[ReactNativeDependencies] Tarball reactnative-dependencies-0.86.3-debug.tar.gz already exists in Pods. Skipping download.
[ReactNativeDependencies] Tarball reactnative-dependencies-0.86.3-release.tar.gz already exists in Pods. Skipping download.
Fetching podspec for `hermes-engine` from `../node_modules/react-native/sdks/hermes-engine/hermes-engine.podspec`
[Hermes] Using release tarball from URL: https://repo1.maven.org/maven2/com/facebook/hermes/hermes-ios/250829098.0.17/hermes-ios-250829098.0.17-hermes-ios-debug.tar.gz
[Hermes] Verifying checksum for cached hermes-ios-250829098.0.17-debug.tar.gz...
[Hermes] SHA1 verified for hermes-ios-250829098.0.17-debug.tar.gz
[Hermes] Cache hit: copying hermes-ios-250829098.0.17-debug.tar.gz from shared cache (~/Library/Caches/ReactNative)
[Hermes] Verifying checksum for cached hermes-ios-250829098.0.17-release.tar.gz...
[Hermes] SHA1 verified for hermes-ios-250829098.0.17-release.tar.gz
[Hermes] Cache hit: copying hermes-ios-250829098.0.17-release.tar.gz from shared cache (~/Library/Caches/ReactNative)
Downloading dependencies
Installing EXConstants (57.0.19)
Installing Expo (57.0.24)
Installing ExpoAsset (57.0.18)
Installing ExpoDomWebView (57.0.1)
Installing ExpoFileSystem (57.0.7)
Installing ExpoFont (57.0.4)
Installing ExpoKeepAwake (57.0.2)
Installing ExpoLogBox (57.0.4)
Installing ExpoModulesCore (57.0.18)
Installing ExpoModulesJSI (57.1.0)
Installing ExpoModulesWorklets (57.0.18)
Installing ExpoSQLite (57.0.3)
Installing FBLazyVector (0.86.3)
Installing LokaMemory (0.0.0)
Installing RCTDeprecation (0.86.3)
Installing RCTRequired (0.86.3)
Installing RCTSwiftUI (0.86.3)
Installing RCTSwiftUIWrapper (0.86.3)
Installing RCTTypeSafety (0.86.3)
Installing React (0.86.3)
Installing React-Core (0.86.3)
Installing React-Core-prebuilt (0.86.3)
Installing React-CoreModules (0.86.3)
Installing React-Fabric (0.86.3)
Installing React-FabricComponents (0.86.3)
Installing React-FabricImage (0.86.3)
Installing React-ImageManager (0.86.3)
Installing React-Mapbuffer (0.86.3)
Installing React-NativeModulesApple (0.86.3)
Installing React-RCTActionSheet (0.86.3)
Installing React-RCTAnimation (0.86.3)
Installing React-RCTAppDelegate (0.86.3)
Installing React-RCTBlob (0.86.3)
Installing React-RCTFBReactNativeSpec (0.86.3)
Installing React-RCTFabric (0.86.3)
Installing React-RCTImage (0.86.3)
Installing React-RCTLinking (0.86.3)
Installing React-RCTNetwork (0.86.3)
Installing React-RCTRuntime (0.86.3)
Installing React-RCTSettings (0.86.3)
Installing React-RCTText (0.86.3)
Installing React-RCTVibration (0.86.3)
Installing React-RuntimeApple (0.86.3)
Installing React-RuntimeCore (0.86.3)
Installing React-RuntimeHermes (0.86.3)
Installing React-callinvoker (0.86.3)
Installing React-cxxreact (0.86.3)
Installing React-debug (0.86.3)
Installing React-defaultsnativemodule (0.86.3)
Installing React-domnativemodule (0.86.3)
Installing React-featureflags (0.86.3)
Installing React-featureflagsnativemodule (0.86.3)
Installing React-graphics (0.86.3)
Installing React-hermes (0.86.3)
Installing React-idlecallbacksnativemodule (0.86.3)
Installing React-intersectionobservernativemodule (0.86.3)
Installing React-jserrorhandler (0.86.3)
Installing React-jsi (0.86.3)
Installing React-jsiexecutor (0.86.3)
Installing React-jsinspector (0.86.3)
Installing React-jsinspectorcdp (0.86.3)
Installing React-jsinspectornetwork (0.86.3)
Installing React-jsinspectortracing (0.86.3)
Installing React-jsitooling (0.86.3)
Installing React-jsitracing (0.86.3)
Installing React-logger (0.86.3)
Installing React-microtasksnativemodule (0.86.3)
Installing React-mutationobservernativemodule (0.86.3)
Installing React-networking (0.86.3)
Installing React-oscompat (0.86.3)
Installing React-perflogger (0.86.3)
Installing React-performancecdpmetrics (0.86.3)
Installing React-performancetimeline (0.86.3)
Installing React-rendererconsistency (0.86.3)
Installing React-renderercss (0.86.3)
Installing React-rendererdebug (0.86.3)
Installing React-runtimeexecutor (0.86.3)
Installing React-runtimescheduler (0.86.3)
Installing React-timing (0.86.3)
Installing React-utils (0.86.3)
Installing React-viewtransitionnativemodule (0.86.3)
Installing React-webperformancenativemodule (0.86.3)
Installing ReactAppDependencyProvider (0.86.3)
Installing ReactCodegen (0.86.3)
Installing ReactCommon (0.86.3)
Installing ReactNativeDependencies (0.86.3)
Installing Yoga (0.0.0)
Installing hermes-engine (250829098.0.17)
[Expo] Ensuring required slices in ExpoModulesJSI.xcframework
Generating Pods project
Setting USE_HERMES build settings
Setting REACT_NATIVE_PATH build settings
Setting SWIFT_ACTIVE_COMPILATION_CONDITIONS build settings
[Ccache]: Removing Ccache from CC, LD, CXX & LDPLUSPLUS build settings
Setting SWIFT_ENABLE_EXPLICIT_MODULES build settings
[ReactNativeCore] Processing VFS overlay file...
[ReactNativeCore]   Created VFS overlay at ~/dev/lokacore-a2/r1-spike/mobile/ios/Pods/React-Core-prebuilt/React-VFS.yaml
[ReactNativeCore] VFS overlay setup complete
[ReactNativeCore] Configuring xcconfig for prebuilt React Native Core...
[ReactNativeCore] Prebuilt xcconfig configuration complete
[SPM] Cleaning old SPM dependencies from Pods project
[SPM] Adding SPM dependencies to Pods project
[Privacy Manifest Aggregation] No existing PrivacyInfo.xcprivacy file found, creating a new one.
[Privacy Manifest Aggregation] Reading .xcprivacy files to aggregate all used Required Reason APIs.
file_root: LokaR1A2
Setting CLANG_CXX_LANGUAGE_STANDARD to c++20 on ~/dev/lokacore-a2/r1-spike/mobile/ios/LokaR1A2.xcodeproj

==================== DEPRECATION NOTICE =====================
Calling `pod install` directly is deprecated in React Native
because we are moving away from Cocoapods toward alternative
solutions to build the project.
* If you are using Expo, please run:
`npx expo run:ios`
* If you are using the Community CLI, please run:
`yarn ios`
=============================================================

Pod install took 15 [s] to run
Integrating client project

[!] Please close any current Xcode sessions and use `LokaR1A2.xcworkspace` for this project from now on.
[Expo] Installing the build script for target LokaR1A2
Pod installation complete! There are 89 dependencies from the Podfile and 88 total pods installed.
[Expo-precompiled] Precompiled modules:
[Expo-precompiled]   📦 ExpoFileSystem (57.0.7)
[Expo-precompiled]   📦 ExpoFont (57.0.4)
[Expo-precompiled]   📦 ExpoModulesCore (57.0.18)
[Expo-precompiled]   📦 ExpoModulesWorklets (57.0.18)
[Expo] Disabling SWIFT_EMIT_MODULE_INTERFACE for pod targets (prebuilt React compatibility)
[Expo-precompiled] Looking for ExpoModulesCore.xcframework at: ~/dev/lokacore-a2/r1-spike/mobile/ios/Pods/ExpoModulesCore/ExpoModulesCore.xcframework
[Expo-precompiled] Adding ExpoModulesJSI header search paths to all targets
[Expo] Adding '[Expo] Remove duplicate codegen output' build phase to ReactCodegen

[!] ExpoFileSystem has added 2 script phases. Please inspect before executing a build. See `https://guides.cocoapods.org/syntax/podspec.html#script_phases` for more information.

[!] ExpoFont has added 2 script phases. Please inspect before executing a build. See `https://guides.cocoapods.org/syntax/podspec.html#script_phases` for more information.

[!] ExpoModulesCore has added 2 script phases. Please inspect before executing a build. See `https://guides.cocoapods.org/syntax/podspec.html#script_phases` for more information.

[!] ExpoModulesWorklets has added 2 script phases. Please inspect before executing a build. See `https://guides.cocoapods.org/syntax/podspec.html#script_phases` for more information.

[!] React-Core-prebuilt has added 1 script phase. Please inspect before executing a build. See `https://guides.cocoapods.org/syntax/podspec.html#script_phases` for more information.

[!] ReactNativeDependencies has added 1 script phase. Please inspect before executing a build. See `https://guides.cocoapods.org/syntax/podspec.html#script_phases` for more information.

[!] hermes-engine has added 1 script phase. Please inspect before executing a build. See `https://guides.cocoapods.org/syntax/podspec.html#script_phases` for more information.
