$ env npm_config_engine_strict=true npm ci --ignore-scripts --no-audit --no-fund
npm warn deprecated uuid@7.0.3: uuid@10 and below is no longer supported.  For ESM codebases, update to uuid@latest.  For CommonJS codebases, use uuid@11 (but be aware this version will likely be deprecated in 2028).

added 468 packages in 8s
exit=0
$ npm ls --all
loka-r1-a-dependency-evidence@0.0.0 /home/runner/work/_temp/replay
├─┬ @types/react@19.2.18
│ └── csstype@3.2.3
├─┬ expo-sqlite@57.0.3
│ ├── await-lock@2.2.2
│ ├── expo@57.0.24 deduped
│ ├── react-native@0.86.3 deduped
│ └── react@19.2.3 deduped
├─┬ expo@57.0.24
│ ├── @babel/runtime@7.29.7
│ ├─┬ @expo/cli@57.0.26
│ │ ├─┬ @expo/code-signing-certificates@0.0.6
│ │ │ └── node-forge@1.4.0 deduped
│ │ ├── @expo/config-plugins@57.0.9 deduped
│ │ ├── @expo/config@57.0.9 deduped
│ │ ├─┬ @expo/devcert@1.2.1
│ │ │ ├── @expo/sudo-prompt@9.3.2
│ │ │ └─┬ debug@3.2.7
│ │ │   └── ms@2.1.3 deduped
│ │ ├─┬ @expo/env@2.4.3
│ │ │ ├── chalk@4.1.2 deduped
│ │ │ ├── debug@4.4.3 deduped
│ │ │ └── getenv@2.0.0 deduped
│ │ ├─┬ @expo/image-utils@0.11.5
│ │ │ ├── @expo/require-utils@57.0.5 deduped
│ │ │ ├── @expo/spawn-async@1.8.0 deduped
│ │ │ ├── chalk@4.1.2 deduped
│ │ │ ├── getenv@2.0.0 deduped
│ │ │ ├── jimp-compact@0.16.1
│ │ │ ├─┬ parse-png@2.1.0
│ │ │ │ └── pngjs@3.4.0
│ │ │ └── semver@7.8.5 deduped
│ │ ├─┬ @expo/inline-modules@0.1.7
│ │ │ └── @expo/config-plugins@57.0.9 deduped
│ │ ├─┬ @expo/json-file@11.0.1
│ │ │ ├── @babel/code-frame@7.29.7 deduped
│ │ │ └── json5@2.2.3
│ │ ├── @expo/log-box@57.0.4 deduped
│ │ ├── @expo/metro-config@57.0.12 deduped
│ │ ├─┬ @expo/metro-file-map@57.0.3
│ │ │ ├── debug@4.4.3 deduped
│ │ │ ├─┬ fb-watchman@2.0.2
│ │ │ │ └─┬ bser@2.1.1
│ │ │ │   └── node-int64@0.4.0
│ │ │ ├── invariant@2.2.4 deduped
│ │ │ ├─┬ jest-worker@29.7.0
│ │ │ │ ├─┬ @types/node@26.6.2
│ │ │ │ │ └── undici-types@8.9.0
│ │ │ │ ├─┬ jest-util@29.7.0
│ │ │ │ │ ├── @jest/types@29.6.3 deduped
│ │ │ │ │ ├── @types/node@26.6.2 deduped
│ │ │ │ │ ├── chalk@4.1.2 deduped
│ │ │ │ │ ├── ci-info@3.9.0
│ │ │ │ │ ├── graceful-fs@4.2.11 deduped
│ │ │ │ │ └── picomatch@2.3.2 deduped
│ │ │ │ ├── merge-stream@2.0.0
│ │ │ │ └─┬ supports-color@8.1.1
│ │ │ │   └── has-flag@4.0.0 deduped
│ │ │ ├─┬ micromatch@4.0.8
│ │ │ │ ├─┬ braces@3.0.3
│ │ │ │ │ └─┬ fill-range@7.1.1
│ │ │ │ │   └─┬ to-regex-range@5.0.1
│ │ │ │ │     └── is-number@7.0.0
│ │ │ │ └── picomatch@2.3.2
│ │ │ └─┬ walker@1.0.8
│ │ │   └─┬ makeerror@1.0.12
│ │ │     └── tmpl@1.0.5
│ │ ├── @expo/metro@56.0.2 deduped
│ │ ├─┬ @expo/osascript@2.7.1
│ │ │ └── @expo/spawn-async@1.8.0 deduped
│ │ ├─┬ @expo/package-manager@1.13.1
│ │ │ ├── @expo/json-file@11.0.1 deduped
│ │ │ ├── @expo/spawn-async@1.8.0 deduped
│ │ │ ├── chalk@4.1.2 deduped
│ │ │ ├── npm-package-arg@11.0.3 deduped
│ │ │ ├── ora@3.4.0 deduped
│ │ │ └── resolve-workspace-root@2.0.1 deduped
│ │ ├─┬ @expo/plist@0.8.1
│ │ │ ├── @xmldom/xmldom@0.8.15
│ │ │ ├── base64-js@1.5.1 deduped
│ │ │ └── xmlbuilder@15.1.1
│ │ ├─┬ @expo/prebuild-config@57.0.16
│ │ │ ├── @expo/config-plugins@57.0.9 deduped
│ │ │ ├── @expo/config-types@57.0.2 deduped
│ │ │ ├── @expo/config@57.0.9 deduped
│ │ │ ├── @expo/image-utils@0.11.5 deduped
│ │ │ ├── @expo/json-file@11.0.1 deduped
│ │ │ ├── @react-native/normalize-colors@0.86.3 deduped
│ │ │ ├── debug@4.4.3 deduped
│ │ │ ├── expo-modules-autolinking@57.0.13 deduped
│ │ │ ├── resolve-from@5.0.0 deduped
│ │ │ └── semver@7.8.5 deduped
│ │ ├─┬ @expo/require-utils@57.0.5
│ │ │ ├── @babel/code-frame@7.29.7 deduped
│ │ │ ├── @babel/core@7.29.7 deduped
│ │ │ ├── @babel/plugin-transform-modules-commonjs@7.29.7 deduped
│ │ │ └── typescript@6.0.3 deduped
│ │ ├─┬ @expo/router-server@57.0.10
│ │ │ ├── UNMET OPTIONAL DEPENDENCY @expo/metro-runtime@^57.0.15
│ │ │ ├── debug@4.4.3 deduped
│ │ │ ├── expo-constants@57.0.19 deduped
│ │ │ ├── expo-font@57.0.4 deduped
│ │ │ ├── UNMET OPTIONAL DEPENDENCY expo-router@*
│ │ │ ├── expo-server@57.0.3 deduped
│ │ │ ├── expo@57.0.24 deduped
│ │ │ ├── UNMET OPTIONAL DEPENDENCY react-dom@*
│ │ │ ├── UNMET OPTIONAL DEPENDENCY react-server-dom-webpack@~19.0.1 || ~19.1.2 || ~19.2.1
│ │ │ └── react@19.2.3 deduped
│ │ ├── @expo/schema-utils@57.0.2
│ │ ├─┬ @expo/spawn-async@1.8.0
│ │ │ └─┬ cross-spawn@7.0.6
│ │ │   ├── path-key@3.1.1
│ │ │   ├─┬ shebang-command@2.0.0
│ │ │   │ └── shebang-regex@3.0.0
│ │ │   └─┬ which@2.0.2
│ │ │     └── isexe@2.0.0
│ │ ├─┬ @expo/ws-tunnel@2.0.0
│ │ │ └── ws@8.21.3 deduped
│ │ ├─┬ @expo/xcpretty@4.4.5
│ │ │ ├── @babel/code-frame@7.29.7 deduped
│ │ │ ├── chalk@4.1.2 deduped
│ │ │ └─┬ js-yaml@4.3.2
│ │ │   └── argparse@2.0.1
│ │ ├─┬ @react-native/dev-middleware@0.86.3
│ │ │ ├── @isaacs/ttlcache@1.4.1
│ │ │ ├── @react-native/debugger-frontend@0.86.3
│ │ │ ├─┬ @react-native/debugger-shell@0.86.3
│ │ │ │ ├── cross-spawn@7.0.6 deduped
│ │ │ │ ├── debug@4.4.3 deduped
│ │ │ │ └── fb-dotslash@0.5.8
│ │ │ ├─┬ chrome-launcher@0.15.2
│ │ │ │ ├── @types/node@26.6.2 deduped
│ │ │ │ ├── escape-string-regexp@4.0.0
│ │ │ │ ├─┬ is-wsl@2.2.0
│ │ │ │ │ └── is-docker@2.2.1 deduped
│ │ │ │ └─┬ lighthouse-logger@1.4.2
│ │ │ │   ├─┬ debug@2.6.9
│ │ │ │   │ └── ms@2.0.0
│ │ │ │   └── marky@1.3.0
│ │ │ ├─┬ chromium-edge-launcher@0.3.0
│ │ │ │ ├── @types/node@26.6.2 deduped
│ │ │ │ ├── escape-string-regexp@4.0.0 deduped
│ │ │ │ ├── is-wsl@2.2.0 deduped
│ │ │ │ ├── lighthouse-logger@1.4.2 deduped
│ │ │ │ └── mkdirp@1.0.4
│ │ │ ├── connect@3.7.0 deduped
│ │ │ ├── debug@4.4.3 deduped
│ │ │ ├── invariant@2.2.4 deduped
│ │ │ ├── nullthrows@1.1.1 deduped
│ │ │ ├─┬ open@7.4.2
│ │ │ │ ├── is-docker@2.2.1
│ │ │ │ └── is-wsl@2.2.0 deduped
│ │ │ ├─┬ serve-static@1.16.3
│ │ │ │ ├── encodeurl@2.0.0
│ │ │ │ ├── escape-html@1.0.3 deduped
│ │ │ │ ├── parseurl@1.3.3 deduped
│ │ │ │ └── send@0.19.2 deduped
│ │ │ └── ws@7.5.13 deduped
│ │ ├─┬ accepts@1.3.8
│ │ │ ├─┬ mime-types@2.1.35
│ │ │ │ └── mime-db@1.52.0
│ │ │ └── negotiator@0.6.3
│ │ ├── agent-cli-detector@0.1.7
│ │ ├── arg@5.0.2
│ │ ├─┬ bplist-creator@0.1.0
│ │ │ └── stream-buffers@2.2.0
│ │ ├─┬ bplist-parser@0.3.1
│ │ │ └── big-integer@1.6.52
│ │ ├─┬ chalk@4.1.2
│ │ │ ├─┬ ansi-styles@4.3.0
│ │ │ │ └─┬ color-convert@2.0.1
│ │ │ │   └── color-name@1.1.4
│ │ │ └─┬ supports-color@7.2.0
│ │ │   └── has-flag@4.0.0
│ │ ├── ci-info@3.9.0
│ │ ├─┬ compression@1.8.2
│ │ │ ├── bytes@3.1.2
│ │ │ ├─┬ compressible@2.0.18
│ │ │ │ └── mime-db@1.54.0
│ │ │ ├─┬ debug@2.6.9
│ │ │ │ └── ms@2.0.0
│ │ │ ├── destroy@1.2.0
│ │ │ ├── negotiator@0.6.4
│ │ │ ├── on-headers@1.1.0
│ │ │ ├── safe-buffer@5.2.1
│ │ │ └── vary@1.1.2
│ │ ├─┬ connect@3.7.0
│ │ │ ├─┬ debug@2.6.9
│ │ │ │ └── ms@2.0.0
│ │ │ ├─┬ finalhandler@1.1.2
│ │ │ │ ├─┬ debug@2.6.9
│ │ │ │ │ └── ms@2.0.0
│ │ │ │ ├── encodeurl@1.0.2
│ │ │ │ ├── escape-html@1.0.3 deduped
│ │ │ │ ├─┬ on-finished@2.3.0
│ │ │ │ │ └── ee-first@1.1.1 deduped
│ │ │ │ ├── parseurl@1.3.3 deduped
│ │ │ │ ├── statuses@1.5.0
│ │ │ │ └── unpipe@1.0.0
│ │ │ ├── parseurl@1.3.3
│ │ │ └── utils-merge@1.0.1
│ │ ├─┬ debug@4.4.3
│ │ │ └── ms@2.1.3
│ │ ├── dnssd-advertise@1.1.6
│ │ ├── UNMET OPTIONAL DEPENDENCY expo-router@*
│ │ ├── expo-server@57.0.3
│ │ ├── expo@57.0.24 deduped
│ │ ├── fetch-nodeshim@0.4.10
│ │ ├── getenv@2.0.0
│ │ ├─┬ glob@13.0.6
│ │ │ ├── minimatch@10.2.6 deduped
│ │ │ ├── minipass@7.1.3
│ │ │ └─┬ path-scurry@2.0.2
│ │ │   ├── lru-cache@11.5.3
│ │ │   └── minipass@7.1.3 deduped
│ │ ├── lan-network@0.2.1
│ │ ├── multitars@1.0.2
│ │ ├── node-forge@1.4.0
│ │ ├─┬ npm-package-arg@11.0.3
│ │ │ ├─┬ hosted-git-info@7.0.2
│ │ │ │ └── lru-cache@10.4.3
│ │ │ ├── proc-log@4.2.0
│ │ │ ├── semver@7.8.5 deduped
│ │ │ └── validate-npm-package-name@5.0.1
│ │ ├─┬ ora@3.4.0
│ │ │ ├─┬ chalk@2.4.2
│ │ │ │ ├─┬ ansi-styles@3.2.1
│ │ │ │ │ └─┬ color-convert@1.9.3
│ │ │ │ │   └── color-name@1.1.3
│ │ │ │ ├── escape-string-regexp@1.0.5
│ │ │ │ └─┬ supports-color@5.5.0
│ │ │ │   └── has-flag@3.0.0
│ │ │ ├─┬ cli-cursor@2.1.0
│ │ │ │ └─┬ restore-cursor@2.0.0
│ │ │ │   ├─┬ onetime@2.0.1
│ │ │ │   │ └── mimic-fn@1.2.0
│ │ │ │   └── signal-exit@3.0.7
│ │ │ ├── cli-spinners@2.9.2
│ │ │ ├─┬ log-symbols@2.2.0
│ │ │ │ └─┬ chalk@2.4.2
│ │ │ │   ├─┬ ansi-styles@3.2.1
│ │ │ │   │ └─┬ color-convert@1.9.3
│ │ │ │   │   └── color-name@1.1.3
│ │ │ │   ├── escape-string-regexp@1.0.5
│ │ │ │   └─┬ supports-color@5.5.0
│ │ │ │     └── has-flag@3.0.0
│ │ │ ├─┬ strip-ansi@5.2.0
│ │ │ │ └── ansi-regex@4.1.1
│ │ │ └─┬ wcwidth@1.0.1
│ │ │   └─┬ defaults@1.0.4
│ │ │     └── clone@1.0.4
│ │ ├── picomatch@4.0.7
│ │ ├── pretty-format@29.7.0 deduped
│ │ ├── progress@2.0.3
│ │ ├─┬ prompts@2.4.2
│ │ │ ├── kleur@3.0.3
│ │ │ └── sisteransi@1.0.5
│ │ ├── react-native@0.86.3 deduped
│ │ ├── resolve-from@5.0.0
│ │ ├── sandbox-cli-detector@0.2.0
│ │ ├── semver@7.8.5 deduped
│ │ ├─┬ send@0.19.2
│ │ │ ├─┬ debug@2.6.9
│ │ │ │ └── ms@2.0.0
│ │ │ ├── depd@2.0.0
│ │ │ ├── destroy@1.2.0 deduped
│ │ │ ├── encodeurl@2.0.0
│ │ │ ├── escape-html@1.0.3
│ │ │ ├── etag@1.8.1
│ │ │ ├── fresh@0.5.2
│ │ │ ├─┬ http-errors@2.0.1
│ │ │ │ ├── depd@2.0.0 deduped
│ │ │ │ ├── inherits@2.0.4
│ │ │ │ ├── setprototypeof@1.2.0
│ │ │ │ ├── statuses@2.0.2
│ │ │ │ └── toidentifier@1.0.1
│ │ │ ├── mime@1.6.0
│ │ │ ├── ms@2.1.3 deduped
│ │ │ ├─┬ on-finished@2.4.1
│ │ │ │ └── ee-first@1.1.1
│ │ │ ├── range-parser@1.2.1
│ │ │ └── statuses@2.0.2
│ │ ├── slugify@1.6.9
│ │ ├── stacktrace-parser@0.1.11 deduped
│ │ ├── structured-headers@0.4.1
│ │ ├─┬ terminal-link@2.1.1
│ │ │ ├─┬ ansi-escapes@4.3.2
│ │ │ │ └── type-fest@0.21.3
│ │ │ └─┬ supports-hyperlinks@2.3.0
│ │ │   ├── has-flag@4.0.0 deduped
│ │ │   └── supports-color@7.2.0 deduped
│ │ ├── toqr@0.1.1
│ │ ├─┬ wrap-ansi@7.0.0
│ │ │ ├── ansi-styles@4.3.0 deduped
│ │ │ ├── string-width@4.2.3 deduped
│ │ │ └─┬ strip-ansi@6.0.1
│ │ │   └── ansi-regex@5.0.1 deduped
│ │ ├─┬ ws@8.21.3
│ │ │ ├── UNMET OPTIONAL DEPENDENCY bufferutil@^4.0.1
│ │ │ └── UNMET OPTIONAL DEPENDENCY utf-8-validate@>=5.0.2
│ │ └── zod@3.25.76
│ ├─┬ @expo/config-plugins@57.0.9
│ │ ├── @expo/config-types@57.0.2
│ │ ├── @expo/json-file@11.0.1 deduped
│ │ ├── @expo/plist@0.8.1 deduped
│ │ ├── @expo/require-utils@57.0.5 deduped
│ │ ├── @expo/sdk-runtime-versions@1.0.0
│ │ ├── chalk@4.1.2 deduped
│ │ ├── debug@4.4.3 deduped
│ │ ├── getenv@2.0.0 deduped
│ │ ├── glob@13.0.6 deduped
│ │ ├── semver@7.8.5 deduped
│ │ ├── slugify@1.6.9 deduped
│ │ ├─┬ xcode@3.0.1
│ │ │ ├─┬ simple-plist@1.3.1
│ │ │ │ ├── bplist-creator@0.1.0 deduped
│ │ │ │ ├── bplist-parser@0.3.1 deduped
│ │ │ │ └─┬ plist@3.1.1
│ │ │ │   ├── @xmldom/xmldom@0.9.12
│ │ │ │   ├── base64-js@1.5.1 deduped
│ │ │ │   └── xmlbuilder@15.1.1 deduped
│ │ │ └── uuid@7.0.3
│ │ └─┬ xml2js@0.6.0
│ │   ├── sax@1.6.1
│ │   └── xmlbuilder@11.0.1
│ ├─┬ @expo/config@57.0.9
│ │ ├── @expo/config-plugins@57.0.9 deduped
│ │ ├── @expo/config-types@57.0.2 deduped
│ │ ├── @expo/json-file@11.0.1 deduped
│ │ ├── @expo/require-utils@57.0.5 deduped
│ │ ├── deepmerge@4.3.1
│ │ ├── getenv@2.0.0 deduped
│ │ ├── glob@13.0.6 deduped
│ │ ├── resolve-workspace-root@2.0.1
│ │ ├── semver@7.8.5 deduped
│ │ └── slugify@1.6.9 deduped
│ ├─┬ @expo/devtools@57.0.1
│ │ ├── chalk@4.1.2 deduped
│ │ ├── react-native@0.86.3 deduped
│ │ └── react@19.2.3 deduped
│ ├─┬ @expo/dom-webview@57.0.1
│ │ ├── expo@57.0.24 deduped
│ │ ├── react-native@0.86.3 deduped
│ │ └── react@19.2.3 deduped
│ ├─┬ @expo/fingerprint@0.20.13
│ │ ├── @expo/env@2.4.3 deduped
│ │ ├── @expo/spawn-async@1.8.0 deduped
│ │ ├── arg@5.0.2 deduped
│ │ ├── chalk@4.1.2 deduped
│ │ ├── debug@4.4.3 deduped
│ │ ├── getenv@2.0.0 deduped
│ │ ├── glob@13.0.6 deduped
│ │ ├── ignore@5.3.2
│ │ ├─┬ minimatch@10.2.6
│ │ │ └─┬ brace-expansion@5.0.12
│ │ │   └── balanced-match@4.0.4
│ │ ├── resolve-from@5.0.0 deduped
│ │ └── semver@7.8.5 deduped
│ ├─┬ @expo/local-build-cache-provider@57.0.8
│ │ ├── @expo/config@57.0.9 deduped
│ │ └── chalk@4.1.2 deduped
│ ├─┬ @expo/log-box@57.0.4
│ │ ├── @expo/dom-webview@57.0.1 deduped
│ │ ├── anser@1.4.10 deduped
│ │ ├── expo@57.0.24 deduped
│ │ ├── react-native@0.86.3 deduped
│ │ ├── react@19.2.3 deduped
│ │ └── stacktrace-parser@0.1.11 deduped
│ ├─┬ @expo/metro-config@57.0.12
│ │ ├─┬ @babel/code-frame@7.29.7
│ │ │ ├── @babel/helper-validator-identifier@7.29.7
│ │ │ ├── js-tokens@4.0.0
│ │ │ └── picocolors@1.1.1
│ │ ├─┬ @babel/core@7.29.7
│ │ │ ├── @babel/code-frame@7.29.7 deduped
│ │ │ ├── @babel/generator@7.29.8 deduped
│ │ │ ├─┬ @babel/helper-compilation-targets@7.29.7
│ │ │ │ ├── @babel/compat-data@7.29.7
│ │ │ │ ├── @babel/helper-validator-option@7.29.7 deduped
│ │ │ │ ├── browserslist@4.29.0 deduped
│ │ │ │ ├─┬ lru-cache@5.1.1
│ │ │ │ │ └── yallist@3.1.1
│ │ │ │ └── semver@6.3.1
│ │ │ ├─┬ @babel/helper-module-transforms@7.29.7
│ │ │ │ ├── @babel/core@7.29.7 deduped
│ │ │ │ ├── @babel/helper-module-imports@7.29.7 deduped
│ │ │ │ ├── @babel/helper-validator-identifier@7.29.7 deduped
│ │ │ │ └── @babel/traverse@7.29.8 deduped
│ │ │ ├─┬ @babel/helpers@7.29.7
│ │ │ │ ├── @babel/template@7.29.7 deduped
│ │ │ │ └── @babel/types@7.29.8 deduped
│ │ │ ├── @babel/parser@7.29.9 deduped
│ │ │ ├─┬ @babel/template@7.29.7
│ │ │ │ ├── @babel/code-frame@7.29.7 deduped
│ │ │ │ ├── @babel/parser@7.29.9 deduped
│ │ │ │ └── @babel/types@7.29.8 deduped
│ │ │ ├── @babel/traverse@7.29.8 deduped
│ │ │ ├── @babel/types@7.29.8 deduped
│ │ │ ├── @jridgewell/remapping@2.3.5 deduped
│ │ │ ├── convert-source-map@2.0.0
│ │ │ ├── debug@4.4.3 deduped
│ │ │ ├── gensync@1.0.0-beta.2
│ │ │ ├── json5@2.2.3 deduped
│ │ │ └── semver@6.3.1
│ │ ├─┬ @babel/generator@7.29.8
│ │ │ ├── @babel/parser@7.29.9 deduped
│ │ │ ├── @babel/types@7.29.8 deduped
│ │ │ ├── @jridgewell/gen-mapping@0.3.13 deduped
│ │ │ ├─┬ @jridgewell/trace-mapping@0.3.31
│ │ │ │ ├── @jridgewell/resolve-uri@3.1.2
│ │ │ │ └── @jridgewell/sourcemap-codec@1.6.0 deduped
│ │ │ └── jsesc@3.1.0
│ │ ├── @expo/config@57.0.9 deduped
│ │ ├── @expo/env@2.4.3 deduped
│ │ ├── @expo/json-file@11.0.1 deduped
│ │ ├── @expo/metro@56.0.2 deduped
│ │ ├── @expo/require-utils@57.0.5 deduped
│ │ ├── @expo/spawn-async@1.8.0 deduped
│ │ ├─┬ @jridgewell/gen-mapping@0.3.13
│ │ │ ├── @jridgewell/sourcemap-codec@1.6.0 deduped
│ │ │ └── @jridgewell/trace-mapping@0.3.31 deduped
│ │ ├─┬ @jridgewell/remapping@2.3.5
│ │ │ ├── @jridgewell/gen-mapping@0.3.13 deduped
│ │ │ └── @jridgewell/trace-mapping@0.3.31 deduped
│ │ ├── @jridgewell/sourcemap-codec@1.6.0
│ │ ├─┬ browserslist@4.29.0
│ │ │ ├── baseline-browser-mapping@2.11.25
│ │ │ ├── caniuse-lite@1.0.30001810
│ │ │ ├── electron-to-chromium@1.5.437
│ │ │ ├── node-releases@2.0.57
│ │ │ └─┬ update-browserslist-db@1.3.3
│ │ │   ├── browserslist@4.29.0 deduped
│ │ │   ├── escalade@3.2.0 deduped
│ │ │   └── picocolors@1.1.1 deduped
│ │ ├── chalk@4.1.2 deduped
│ │ ├── debug@4.4.3 deduped
│ │ ├── expo@57.0.24 deduped
│ │ ├── getenv@2.0.0 deduped
│ │ ├── glob@13.0.6 deduped
│ │ ├─┬ hermes-parser@0.36.1
│ │ │ └── hermes-estree@0.36.1
│ │ ├── jsc-safe-url@0.2.4
│ │ ├─┬ lightningcss@1.33.0
│ │ │ ├── detect-libc@2.1.2
│ │ │ ├── UNMET OPTIONAL DEPENDENCY lightningcss-android-arm64@1.33.0
│ │ │ ├── UNMET OPTIONAL DEPENDENCY lightningcss-darwin-arm64@1.33.0
│ │ │ ├── UNMET OPTIONAL DEPENDENCY lightningcss-darwin-x64@1.33.0
│ │ │ ├── UNMET OPTIONAL DEPENDENCY lightningcss-freebsd-x64@1.33.0
│ │ │ ├── UNMET OPTIONAL DEPENDENCY lightningcss-linux-arm-gnueabihf@1.33.0
│ │ │ ├── UNMET OPTIONAL DEPENDENCY lightningcss-linux-arm64-gnu@1.33.0
│ │ │ ├── UNMET OPTIONAL DEPENDENCY lightningcss-linux-arm64-musl@1.33.0
│ │ │ ├── lightningcss-linux-x64-gnu@1.33.0
│ │ │ ├── UNMET OPTIONAL DEPENDENCY lightningcss-linux-x64-musl@1.33.0
│ │ │ ├── UNMET OPTIONAL DEPENDENCY lightningcss-win32-arm64-msvc@1.33.0
│ │ │ └── UNMET OPTIONAL DEPENDENCY lightningcss-win32-x64-msvc@1.33.0
│ │ ├── picomatch@4.0.7 deduped
│ │ ├─┬ postcss@8.5.28
│ │ │ ├── nanoid@3.3.19
│ │ │ ├── picocolors@1.1.1 deduped
│ │ │ └── source-map-js@1.2.1
│ │ └── resolve-from@5.0.0 deduped
│ ├── UNMET OPTIONAL DEPENDENCY @expo/metro-runtime@*
│ ├─┬ @expo/metro@56.0.2
│ │ ├─┬ metro-babel-transformer@0.84.5
│ │ │ ├── @babel/core@7.29.7 deduped
│ │ │ ├── flow-enums-runtime@0.0.6 deduped
│ │ │ ├─┬ hermes-parser@0.35.0
│ │ │ │ └── hermes-estree@0.35.0
│ │ │ ├── metro-cache-key@0.84.5 deduped
│ │ │ └── nullthrows@1.1.1 deduped
│ │ ├─┬ metro-cache-key@0.84.5
│ │ │ └── flow-enums-runtime@0.0.6 deduped
│ │ ├─┬ metro-cache@0.84.5
│ │ │ ├── exponential-backoff@3.1.3
│ │ │ ├── flow-enums-runtime@0.0.6 deduped
│ │ │ ├─┬ https-proxy-agent@7.0.6
│ │ │ │ ├── agent-base@7.1.4
│ │ │ │ └── debug@4.4.3 deduped
│ │ │ └── metro-core@0.84.5 deduped
│ │ ├─┬ metro-config@0.84.5
│ │ │ ├── connect@3.7.0 deduped
│ │ │ ├── flow-enums-runtime@0.0.6 deduped
│ │ │ ├─┬ jest-validate@29.7.0
│ │ │ │ ├─┬ @jest/types@29.6.3
│ │ │ │ │ ├── @jest/schemas@29.6.3 deduped
│ │ │ │ │ ├── @types/istanbul-lib-coverage@2.0.6
│ │ │ │ │ ├─┬ @types/istanbul-reports@3.0.4
│ │ │ │ │ │ └─┬ @types/istanbul-lib-report@3.0.3
│ │ │ │ │ │   └── @types/istanbul-lib-coverage@2.0.6 deduped
│ │ │ │ │ ├── @types/node@26.6.2 deduped
│ │ │ │ │ ├─┬ @types/yargs@17.0.35
│ │ │ │ │ │ └── @types/yargs-parser@21.0.3
│ │ │ │ │ └── chalk@4.1.2 deduped
│ │ │ │ ├── camelcase@6.3.0
│ │ │ │ ├── chalk@4.1.2 deduped
│ │ │ │ ├── jest-get-type@29.6.3
│ │ │ │ ├── leven@3.1.0
│ │ │ │ └── pretty-format@29.7.0 deduped
│ │ │ ├── metro-cache@0.84.5 deduped
│ │ │ ├── metro-core@0.84.5 deduped
│ │ │ ├── metro-runtime@0.84.5 deduped
│ │ │ ├── metro@0.84.5 deduped
│ │ │ └── yaml@2.9.1
│ │ ├─┬ metro-core@0.84.5
│ │ │ ├── flow-enums-runtime@0.0.6 deduped
│ │ │ ├── lodash.throttle@4.1.1
│ │ │ └── metro-resolver@0.84.5 deduped
│ │ ├─┬ metro-file-map@0.84.5
│ │ │ ├── debug@4.4.3 deduped
│ │ │ ├── fb-watchman@2.0.2 deduped
│ │ │ ├── flow-enums-runtime@0.0.6 deduped
│ │ │ ├── graceful-fs@4.2.11
│ │ │ ├── invariant@2.2.4 deduped
│ │ │ ├── jest-worker@29.7.0 deduped
│ │ │ ├── micromatch@4.0.8 deduped
│ │ │ ├── nullthrows@1.1.1 deduped
│ │ │ └── walker@1.0.8 deduped
│ │ ├─┬ metro-minify-terser@0.84.5
│ │ │ ├── flow-enums-runtime@0.0.6 deduped
│ │ │ └─┬ terser@5.51.2
│ │ │   ├─┬ @jridgewell/source-map@0.3.11
│ │ │   │ ├── @jridgewell/gen-mapping@0.3.13 deduped
│ │ │   │ └── @jridgewell/trace-mapping@0.3.31 deduped
│ │ │   ├── acorn@8.18.0
│ │ │   ├── commander@2.20.3
│ │ │   └─┬ source-map-support@0.5.21
│ │ │     ├── buffer-from@1.1.2
│ │ │     └── source-map@0.6.1
│ │ ├─┬ metro-resolver@0.84.5
│ │ │ └── flow-enums-runtime@0.0.6 deduped
│ │ ├── metro-runtime@0.84.5 deduped
│ │ ├── metro-source-map@0.84.5 deduped
│ │ ├─┬ metro-symbolicate@0.84.5
│ │ │ ├── flow-enums-runtime@0.0.6 deduped
│ │ │ ├── invariant@2.2.4 deduped
│ │ │ ├── metro-source-map@0.84.5 deduped
│ │ │ ├── nullthrows@1.1.1 deduped
│ │ │ ├── source-map@0.5.7 deduped
│ │ │ └── vlq@1.0.1 deduped
│ │ ├─┬ metro-transform-plugins@0.84.5
│ │ │ ├── @babel/core@7.29.7 deduped
│ │ │ ├── @babel/generator@7.29.8 deduped
│ │ │ ├── @babel/template@7.29.7 deduped
│ │ │ ├── @babel/traverse@7.29.8 deduped
│ │ │ ├── flow-enums-runtime@0.0.6 deduped
│ │ │ └── nullthrows@1.1.1 deduped
│ │ ├─┬ metro-transform-worker@0.84.5
│ │ │ ├── @babel/core@7.29.7 deduped
│ │ │ ├── @babel/generator@7.29.8 deduped
│ │ │ ├── @babel/parser@7.29.9 deduped
│ │ │ ├── @babel/types@7.29.8 deduped
│ │ │ ├── flow-enums-runtime@0.0.6 deduped
│ │ │ ├── metro-babel-transformer@0.84.5 deduped
│ │ │ ├── metro-cache-key@0.84.5 deduped
│ │ │ ├── metro-cache@0.84.5 deduped
│ │ │ ├── metro-minify-terser@0.84.5 deduped
│ │ │ ├── metro-source-map@0.84.5 deduped
│ │ │ ├── metro-transform-plugins@0.84.5 deduped
│ │ │ ├── metro@0.84.5 deduped
│ │ │ └── nullthrows@1.1.1 deduped
│ │ └─┬ metro@0.84.5
│ │   ├── @babel/code-frame@7.29.7 deduped
│ │   ├── @babel/core@7.29.7 deduped
│ │   ├── @babel/generator@7.29.8 deduped
│ │   ├── @babel/parser@7.29.9 deduped
│ │   ├── @babel/template@7.29.7 deduped
│ │   ├── @babel/traverse@7.29.8 deduped
│ │   ├── @babel/types@7.29.8 deduped
│ │   ├─┬ accepts@2.0.0
│ │   │ ├── mime-types@3.0.2 deduped
│ │   │ └─┬ negotiator@1.1.0
│ │   │   └── content-type@2.1.0
│ │   ├── ci-info@2.0.0
│ │   ├── connect@3.7.0 deduped
│ │   ├── debug@4.4.3 deduped
│ │   ├─┬ error-stack-parser@2.1.4
│ │   │ └── stackframe@1.3.4
│ │   ├── flow-enums-runtime@0.0.6 deduped
│ │   ├── graceful-fs@4.2.11 deduped
│ │   ├── hermes-parser@0.35.0 deduped
│ │   ├── invariant@2.2.4 deduped
│ │   ├── jest-worker@29.7.0 deduped
│ │   ├── jsc-safe-url@0.2.4 deduped
│ │   ├── lodash.throttle@4.1.1 deduped
│ │   ├── metro-babel-transformer@0.84.5 deduped
│ │   ├── metro-cache-key@0.84.5 deduped
│ │   ├── metro-cache@0.84.5 deduped
│ │   ├── metro-config@0.84.5 deduped
│ │   ├── metro-core@0.84.5 deduped
│ │   ├── metro-file-map@0.84.5 deduped
│ │   ├── metro-resolver@0.84.5 deduped
│ │   ├── metro-runtime@0.84.5 deduped
│ │   ├── metro-source-map@0.84.5 deduped
│ │   ├── metro-symbolicate@0.84.5 deduped
│ │   ├── metro-transform-plugins@0.84.5 deduped
│ │   ├── metro-transform-worker@0.84.5 deduped
│ │   ├─┬ mime-types@3.0.2
│ │   │ └── mime-db@1.54.0 deduped
│ │   ├── nullthrows@1.1.1 deduped
│ │   ├── serialize-error@2.1.0
│ │   ├── source-map@0.5.7 deduped
│ │   ├── throat@5.0.0
│ │   ├── ws@7.5.13 deduped
│ │   └── yargs@17.7.3 deduped
│ ├── @ungap/structured-clone@1.4.0
│ ├─┬ babel-preset-expo@57.0.12
│ │ ├── @babel/generator@7.29.8 deduped
│ │ ├─┬ @babel/helper-module-imports@7.29.7
│ │ │ ├── @babel/traverse@7.29.8 deduped
│ │ │ └── @babel/types@7.29.8 deduped
│ │ ├─┬ @babel/plugin-proposal-decorators@7.29.7
│ │ │ ├── @babel/core@7.29.7 deduped
│ │ │ ├─┬ @babel/helper-create-class-features-plugin@7.29.7
│ │ │ │ ├── @babel/core@7.29.7 deduped
│ │ │ │ ├── @babel/helper-annotate-as-pure@7.29.7 deduped
│ │ │ │ ├─┬ @babel/helper-member-expression-to-functions@7.29.7
│ │ │ │ │ ├── @babel/traverse@7.29.8 deduped
│ │ │ │ │ └── @babel/types@7.29.8 deduped
│ │ │ │ ├─┬ @babel/helper-optimise-call-expression@7.29.7
│ │ │ │ │ └── @babel/types@7.29.8 deduped
│ │ │ │ ├── @babel/helper-replace-supers@7.29.7 deduped
│ │ │ │ ├── @babel/helper-skip-transparent-expression-wrappers@7.29.7 deduped
│ │ │ │ ├── @babel/traverse@7.29.8 deduped
│ │ │ │ └── semver@6.3.1
│ │ │ ├── @babel/helper-plugin-utils@7.29.7
│ │ │ └─┬ @babel/plugin-syntax-decorators@7.29.7
│ │ │   ├── @babel/core@7.29.7 deduped
│ │ │   └── @babel/helper-plugin-utils@7.29.7 deduped
│ │ ├─┬ @babel/plugin-proposal-export-default-from@7.29.7
│ │ │ ├── @babel/core@7.29.7 deduped
│ │ │ └── @babel/helper-plugin-utils@7.29.7 deduped
│ │ ├─┬ @babel/plugin-syntax-dynamic-import@7.8.3
│ │ │ ├── @babel/core@7.29.7 deduped
│ │ │ └── @babel/helper-plugin-utils@7.29.7 deduped
│ │ ├─┬ @babel/plugin-syntax-export-default-from@7.29.7
│ │ │ ├── @babel/core@7.29.7 deduped
│ │ │ └── @babel/helper-plugin-utils@7.29.7 deduped
│ │ ├─┬ @babel/plugin-syntax-nullish-coalescing-operator@7.8.3
│ │ │ ├── @babel/core@7.29.7 deduped
│ │ │ └── @babel/helper-plugin-utils@7.29.7 deduped
│ │ ├─┬ @babel/plugin-syntax-optional-chaining@7.8.3
│ │ │ ├── @babel/core@7.29.7 deduped
│ │ │ └── @babel/helper-plugin-utils@7.29.7 deduped
│ │ ├─┬ @babel/plugin-transform-async-generator-functions@7.29.7
│ │ │ ├── @babel/core@7.29.7 deduped
│ │ │ ├── @babel/helper-plugin-utils@7.29.7 deduped
│ │ │ ├─┬ @babel/helper-remap-async-to-generator@7.29.7
│ │ │ │ ├── @babel/core@7.29.7 deduped
│ │ │ │ ├── @babel/helper-annotate-as-pure@7.29.7 deduped
│ │ │ │ ├─┬ @babel/helper-wrap-function@7.29.7
│ │ │ │ │ ├── @babel/template@7.29.7 deduped
│ │ │ │ │ ├── @babel/traverse@7.29.8 deduped
│ │ │ │ │ └── @babel/types@7.29.8 deduped
│ │ │ │ └── @babel/traverse@7.29.8 deduped
│ │ │ └── @babel/traverse@7.29.8 deduped
│ │ ├─┬ @babel/plugin-transform-async-to-generator@7.29.7
│ │ │ ├── @babel/core@7.29.7 deduped
│ │ │ ├── @babel/helper-module-imports@7.29.7 deduped
│ │ │ ├── @babel/helper-plugin-utils@7.29.7 deduped
│ │ │ └── @babel/helper-remap-async-to-generator@7.29.7 deduped
│ │ ├─┬ @babel/plugin-transform-block-scoping@7.29.7
│ │ │ ├── @babel/core@7.29.7 deduped
│ │ │ └── @babel/helper-plugin-utils@7.29.7 deduped
│ │ ├─┬ @babel/plugin-transform-class-properties@7.29.7
│ │ │ ├── @babel/core@7.29.7 deduped
│ │ │ ├── @babel/helper-create-class-features-plugin@7.29.7 deduped
│ │ │ └── @babel/helper-plugin-utils@7.29.7 deduped
│ │ ├─┬ @babel/plugin-transform-class-static-block@7.29.7
│ │ │ ├── @babel/core@7.29.7 deduped
│ │ │ ├── @babel/helper-create-class-features-plugin@7.29.7 deduped
│ │ │ └── @babel/helper-plugin-utils@7.29.7 deduped
│ │ ├─┬ @babel/plugin-transform-classes@7.29.7
│ │ │ ├── @babel/core@7.29.7 deduped
│ │ │ ├─┬ @babel/helper-annotate-as-pure@7.29.7
│ │ │ │ └── @babel/types@7.29.8 deduped
│ │ │ ├── @babel/helper-compilation-targets@7.29.7 deduped
│ │ │ ├── @babel/helper-globals@7.29.7
│ │ │ ├── @babel/helper-plugin-utils@7.29.7 deduped
│ │ │ ├─┬ @babel/helper-replace-supers@7.29.7
│ │ │ │ ├── @babel/core@7.29.7 deduped
│ │ │ │ ├── @babel/helper-member-expression-to-functions@7.29.7 deduped
│ │ │ │ ├── @babel/helper-optimise-call-expression@7.29.7 deduped
│ │ │ │ └── @babel/traverse@7.29.8 deduped
│ │ │ └── @babel/traverse@7.29.8 deduped
│ │ ├─┬ @babel/plugin-transform-destructuring@7.29.7
│ │ │ ├── @babel/core@7.29.7 deduped
│ │ │ ├── @babel/helper-plugin-utils@7.29.7 deduped
│ │ │ └── @babel/traverse@7.29.8 deduped
│ │ ├─┬ @babel/plugin-transform-export-namespace-from@7.29.7
│ │ │ ├── @babel/core@7.29.7 deduped
│ │ │ └── @babel/helper-plugin-utils@7.29.7 deduped
│ │ ├─┬ @babel/plugin-transform-flow-strip-types@7.29.7
│ │ │ ├── @babel/core@7.29.7 deduped
│ │ │ ├── @babel/helper-plugin-utils@7.29.7 deduped
│ │ │ └─┬ @babel/plugin-syntax-flow@7.29.7
│ │ │   ├── @babel/core@7.29.7 deduped
│ │ │   └── @babel/helper-plugin-utils@7.29.7 deduped
│ │ ├─┬ @babel/plugin-transform-for-of@7.29.7
│ │ │ ├── @babel/core@7.29.7 deduped
│ │ │ ├── @babel/helper-plugin-utils@7.29.7 deduped
│ │ │ └─┬ @babel/helper-skip-transparent-expression-wrappers@7.29.7
│ │ │   ├── @babel/traverse@7.29.8 deduped
│ │ │   └── @babel/types@7.29.8 deduped
│ │ ├─┬ @babel/plugin-transform-logical-assignment-operators@7.29.7
│ │ │ ├── @babel/core@7.29.7 deduped
│ │ │ └── @babel/helper-plugin-utils@7.29.7 deduped
│ │ ├─┬ @babel/plugin-transform-modules-commonjs@7.29.7
│ │ │ ├── @babel/core@7.29.7 deduped
│ │ │ ├── @babel/helper-module-transforms@7.29.7 deduped
│ │ │ └── @babel/helper-plugin-utils@7.29.7 deduped
│ │ ├─┬ @babel/plugin-transform-named-capturing-groups-regex@7.29.7
│ │ │ ├── @babel/core@7.29.7 deduped
│ │ │ ├─┬ @babel/helper-create-regexp-features-plugin@7.29.7
│ │ │ │ ├── @babel/core@7.29.7 deduped
│ │ │ │ ├── @babel/helper-annotate-as-pure@7.29.7 deduped
│ │ │ │ ├─┬ regexpu-core@6.4.0
│ │ │ │ │ ├─┬ regenerate-unicode-properties@10.2.2
│ │ │ │ │ │ └── regenerate@1.4.2 deduped
│ │ │ │ │ ├── regenerate@1.4.2
│ │ │ │ │ ├── regjsgen@0.8.0
│ │ │ │ │ ├─┬ regjsparser@0.13.3
│ │ │ │ │ │ └── jsesc@3.1.0 deduped
│ │ │ │ │ ├─┬ unicode-match-property-ecmascript@2.0.0
│ │ │ │ │ │ ├── unicode-canonical-property-names-ecmascript@2.0.1
│ │ │ │ │ │ └── unicode-property-aliases-ecmascript@2.2.0
│ │ │ │ │ └── unicode-match-property-value-ecmascript@2.2.1
│ │ │ │ └── semver@6.3.1
│ │ │ └── @babel/helper-plugin-utils@7.29.7 deduped
│ │ ├─┬ @babel/plugin-transform-nullish-coalescing-operator@7.29.7
│ │ │ ├── @babel/core@7.29.7 deduped
│ │ │ └── @babel/helper-plugin-utils@7.29.7 deduped
│ │ ├─┬ @babel/plugin-transform-object-rest-spread@7.29.7
│ │ │ ├── @babel/core@7.29.7 deduped
│ │ │ ├── @babel/helper-compilation-targets@7.29.7 deduped
│ │ │ ├── @babel/helper-plugin-utils@7.29.7 deduped
│ │ │ ├── @babel/plugin-transform-destructuring@7.29.7 deduped
│ │ │ ├── @babel/plugin-transform-parameters@7.29.7 deduped
│ │ │ └── @babel/traverse@7.29.8 deduped
│ │ ├─┬ @babel/plugin-transform-optional-catch-binding@7.29.7
│ │ │ ├── @babel/core@7.29.7 deduped
│ │ │ └── @babel/helper-plugin-utils@7.29.7 deduped
│ │ ├─┬ @babel/plugin-transform-optional-chaining@7.29.7
│ │ │ ├── @babel/core@7.29.7 deduped
│ │ │ ├── @babel/helper-plugin-utils@7.29.7 deduped
│ │ │ └── @babel/helper-skip-transparent-expression-wrappers@7.29.7 deduped
│ │ ├─┬ @babel/plugin-transform-parameters@7.29.7
│ │ │ ├── @babel/core@7.29.7 deduped
│ │ │ └── @babel/helper-plugin-utils@7.29.7 deduped
│ │ ├─┬ @babel/plugin-transform-private-methods@7.29.7
│ │ │ ├── @babel/core@7.29.7 deduped
│ │ │ ├── @babel/helper-create-class-features-plugin@7.29.7 deduped
│ │ │ └── @babel/helper-plugin-utils@7.29.7 deduped
│ │ ├─┬ @babel/plugin-transform-private-property-in-object@7.29.7
│ │ │ ├── @babel/core@7.29.7 deduped
│ │ │ ├── @babel/helper-annotate-as-pure@7.29.7 deduped
│ │ │ ├── @babel/helper-create-class-features-plugin@7.29.7 deduped
│ │ │ └── @babel/helper-plugin-utils@7.29.7 deduped
│ │ ├─┬ @babel/plugin-transform-react-display-name@7.29.7
│ │ │ ├── @babel/core@7.29.7 deduped
│ │ │ └── @babel/helper-plugin-utils@7.29.7 deduped
│ │ ├─┬ @babel/plugin-transform-react-jsx-development@7.29.7
│ │ │ ├── @babel/core@7.29.7 deduped
│ │ │ └── @babel/plugin-transform-react-jsx@7.29.7 deduped
│ │ ├─┬ @babel/plugin-transform-react-jsx@7.29.7
│ │ │ ├── @babel/core@7.29.7 deduped
│ │ │ ├── @babel/helper-annotate-as-pure@7.29.7 deduped
│ │ │ ├── @babel/helper-module-imports@7.29.7 deduped
│ │ │ ├── @babel/helper-plugin-utils@7.29.7 deduped
│ │ │ ├─┬ @babel/plugin-syntax-jsx@7.29.7
│ │ │ │ ├── @babel/core@7.29.7 deduped
│ │ │ │ └── @babel/helper-plugin-utils@7.29.7 deduped
│ │ │ └── @babel/types@7.29.8 deduped
│ │ ├─┬ @babel/plugin-transform-react-pure-annotations@7.29.7
│ │ │ ├── @babel/core@7.29.7 deduped
│ │ │ ├── @babel/helper-annotate-as-pure@7.29.7 deduped
│ │ │ └── @babel/helper-plugin-utils@7.29.7 deduped
│ │ ├─┬ @babel/plugin-transform-runtime@7.29.7
│ │ │ ├── @babel/core@7.29.7 deduped
│ │ │ ├── @babel/helper-module-imports@7.29.7 deduped
│ │ │ ├── @babel/helper-plugin-utils@7.29.7 deduped
│ │ │ ├─┬ babel-plugin-polyfill-corejs2@0.4.17
│ │ │ │ ├── @babel/compat-data@7.29.7 deduped
│ │ │ │ ├── @babel/core@7.29.7 deduped
│ │ │ │ ├─┬ @babel/helper-define-polyfill-provider@0.6.8
│ │ │ │ │ ├── @babel/core@7.29.7 deduped
│ │ │ │ │ ├── @babel/helper-compilation-targets@7.29.7 deduped
│ │ │ │ │ ├── @babel/helper-plugin-utils@7.29.7 deduped
│ │ │ │ │ ├── debug@4.4.3 deduped
│ │ │ │ │ ├── lodash.debounce@4.0.8
│ │ │ │ │ └─┬ resolve@1.22.12
│ │ │ │ │   ├── es-errors@1.3.0
│ │ │ │ │   ├─┬ is-core-module@2.17.0
│ │ │ │ │   │ └─┬ hasown@2.0.4
│ │ │ │ │   │   └── function-bind@1.1.2
│ │ │ │ │   ├── path-parse@1.0.7
│ │ │ │ │   └── supports-preserve-symlinks-flag@1.0.0
│ │ │ │ └── semver@6.3.1
│ │ │ ├─┬ babel-plugin-polyfill-corejs3@0.13.0
│ │ │ │ ├── @babel/core@7.29.7 deduped
│ │ │ │ ├── @babel/helper-define-polyfill-provider@0.6.8 deduped
│ │ │ │ └─┬ core-js-compat@3.50.0
│ │ │ │   └── browserslist@4.29.0 deduped
│ │ │ ├─┬ babel-plugin-polyfill-regenerator@0.6.8
│ │ │ │ ├── @babel/core@7.29.7 deduped
│ │ │ │ └── @babel/helper-define-polyfill-provider@0.6.8 deduped
│ │ │ └── semver@6.3.1
│ │ ├─┬ @babel/plugin-transform-typescript@7.29.9
│ │ │ ├── @babel/core@7.29.7 deduped
│ │ │ ├── @babel/helper-annotate-as-pure@7.29.7 deduped
│ │ │ ├── @babel/helper-create-class-features-plugin@7.29.7 deduped
│ │ │ ├── @babel/helper-plugin-utils@7.29.7 deduped
│ │ │ ├── @babel/helper-skip-transparent-expression-wrappers@7.29.7 deduped
│ │ │ └─┬ @babel/plugin-syntax-typescript@7.29.7
│ │ │   ├── @babel/core@7.29.7 deduped
│ │ │   └── @babel/helper-plugin-utils@7.29.7 deduped
│ │ ├─┬ @babel/plugin-transform-unicode-regex@7.29.7
│ │ │ ├── @babel/core@7.29.7 deduped
│ │ │ ├── @babel/helper-create-regexp-features-plugin@7.29.7 deduped
│ │ │ └── @babel/helper-plugin-utils@7.29.7 deduped
│ │ ├─┬ @babel/preset-typescript@7.29.7
│ │ │ ├── @babel/core@7.29.7 deduped
│ │ │ ├── @babel/helper-plugin-utils@7.29.7 deduped
│ │ │ ├── @babel/helper-validator-option@7.29.7
│ │ │ ├── @babel/plugin-syntax-jsx@7.29.7 deduped
│ │ │ ├── @babel/plugin-transform-modules-commonjs@7.29.7 deduped
│ │ │ └── @babel/plugin-transform-typescript@7.29.9 deduped
│ │ ├── @babel/runtime@7.29.7 deduped
│ │ ├─┬ @react-native/babel-plugin-codegen@0.86.3
│ │ │ ├── @babel/traverse@7.29.8 deduped
│ │ │ └── @react-native/codegen@0.86.3 deduped
│ │ ├─┬ babel-plugin-react-compiler@1.0.0
│ │ │ └── @babel/types@7.29.8 deduped
│ │ ├── babel-plugin-react-native-web@0.21.2
│ │ ├── babel-plugin-syntax-hermes-parser@0.36.0 deduped
│ │ ├─┬ babel-plugin-transform-flow-enums@0.0.2
│ │ │ └── @babel/plugin-syntax-flow@7.29.7 deduped
│ │ ├── debug@4.4.3 deduped
│ │ ├── UNMET OPTIONAL DEPENDENCY expo-widgets@^57.0.19
│ │ ├── expo@57.0.24 deduped
│ │ └── react-refresh@0.14.2 deduped
│ ├─┬ expo-asset@57.0.18
│ │ ├── @expo/image-utils@0.11.5 deduped
│ │ ├── expo-constants@57.0.19 deduped
│ │ ├── expo@57.0.24 deduped
│ │ ├── react-native@0.86.3 deduped
│ │ └── react@19.2.3 deduped
│ ├─┬ expo-constants@57.0.19
│ │ ├── @expo/env@2.4.3 deduped
│ │ ├── expo@57.0.24 deduped
│ │ └── react-native@0.86.3 deduped
│ ├─┬ expo-file-system@57.0.7
│ │ ├── expo@57.0.24 deduped
│ │ └── react-native@0.86.3 deduped
│ ├─┬ expo-font@57.0.4
│ │ ├── expo@57.0.24 deduped
│ │ ├── fontfaceobserver@2.3.0
│ │ ├── react-native@0.86.3 deduped
│ │ └── react@19.2.3 deduped
│ ├─┬ expo-keep-awake@57.0.2
│ │ ├── expo@57.0.24 deduped
│ │ └── react@19.2.3 deduped
│ ├─┬ expo-modules-autolinking@57.0.13
│ │ ├── @expo/require-utils@57.0.5 deduped
│ │ ├── @expo/spawn-async@1.8.0 deduped
│ │ ├── chalk@4.1.2 deduped
│ │ └── commander@7.2.0
│ ├─┬ expo-modules-core@57.0.18
│ │ ├── @expo/expo-modules-macros-plugin@0.6.1
│ │ ├─┬ expo-modules-jsi@57.1.0
│ │ │ └── react-native@0.86.3 deduped
│ │ ├── invariant@2.2.4 deduped
│ │ ├── UNMET OPTIONAL DEPENDENCY react-native-worklets@^0.7.4 || ^0.8.0 || ^0.9.0 || ^0.10.0
│ │ ├── react-native@0.86.3 deduped
│ │ └── react@19.2.3 deduped
│ ├─┬ pretty-format@29.7.0
│ │ ├─┬ @jest/schemas@29.6.3
│ │ │ └── @sinclair/typebox@0.27.12
│ │ ├── ansi-styles@5.2.0
│ │ └── react-is@18.3.1
│ ├── UNMET OPTIONAL DEPENDENCY react-dom@*
│ ├── UNMET OPTIONAL DEPENDENCY react-native-web@*
│ ├── UNMET OPTIONAL DEPENDENCY react-native-webview@*
│ ├── react-native@0.86.3 deduped
│ ├── react-refresh@0.14.2
│ ├── react@19.2.3 deduped
│ └── whatwg-url-minimum@0.1.2
├─┬ react-native@0.86.3
│ ├── @react-native/assets-registry@0.86.3
│ ├─┬ @react-native/codegen@0.86.3
│ │ ├── @babel/core@7.29.7 deduped
│ │ ├─┬ @babel/parser@7.29.9
│ │ │ └── @babel/types@7.29.8 deduped
│ │ ├─┬ hermes-parser@0.36.0
│ │ │ └── hermes-estree@0.36.0
│ │ ├── invariant@2.2.4 deduped
│ │ ├── nullthrows@1.1.1 deduped
│ │ ├── tinyglobby@0.2.17 deduped
│ │ └── yargs@17.7.3 deduped
│ ├─┬ @react-native/community-cli-plugin@0.86.3
│ │ ├── UNMET OPTIONAL DEPENDENCY @react-native-community/cli@*
│ │ ├── @react-native/dev-middleware@0.86.3 deduped
│ │ ├── UNMET OPTIONAL DEPENDENCY @react-native/metro-config@0.86.3
│ │ ├── debug@4.4.3 deduped
│ │ ├── invariant@2.2.4 deduped
│ │ ├── metro-config@0.84.5 deduped
│ │ ├── metro-core@0.84.5 deduped
│ │ ├── metro@0.84.5 deduped
│ │ └── semver@7.8.5 deduped
│ ├── @react-native/gradle-plugin@0.86.3
│ ├── UNMET OPTIONAL DEPENDENCY @react-native/jest-preset@0.86.3
│ ├── @react-native/js-polyfills@0.86.3
│ ├── @react-native/normalize-colors@0.86.3
│ ├─┬ @react-native/virtualized-lists@0.86.3
│ │ ├── @types/react@19.2.18 deduped
│ │ ├── invariant@2.2.4 deduped
│ │ ├── nullthrows@1.1.1 deduped
│ │ ├── react-native@0.86.3 deduped
│ │ └── react@19.2.3 deduped
│ ├── @types/react@19.2.18 deduped
│ ├─┬ abort-controller@3.0.0
│ │ └── event-target-shim@5.0.1
│ ├── anser@1.4.10
│ ├── ansi-regex@5.0.1
│ ├─┬ babel-plugin-syntax-hermes-parser@0.36.0
│ │ └─┬ hermes-parser@0.36.0
│ │   └── hermes-estree@0.36.0
│ ├── base64-js@1.5.1
│ ├── commander@12.1.0
│ ├── flow-enums-runtime@0.0.6
│ ├── hermes-compiler@250829098.0.17
│ ├─┬ invariant@2.2.4
│ │ └─┬ loose-envify@1.4.0
│ │   └── js-tokens@4.0.0 deduped
│ ├── memoize-one@5.2.1
│ ├─┬ metro-runtime@0.84.5
│ │ ├── @babel/runtime@7.29.7 deduped
│ │ └── flow-enums-runtime@0.0.6 deduped
│ ├─┬ metro-source-map@0.84.5
│ │ ├─┬ @babel/traverse@7.29.8
│ │ │ ├── @babel/code-frame@7.29.7 deduped
│ │ │ ├── @babel/generator@7.29.8 deduped
│ │ │ ├── @babel/helper-globals@7.29.7 deduped
│ │ │ ├── @babel/parser@7.29.9 deduped
│ │ │ ├── @babel/template@7.29.7 deduped
│ │ │ ├── @babel/types@7.29.8 deduped
│ │ │ └── debug@4.4.3 deduped
│ │ ├─┬ @babel/types@7.29.8
│ │ │ ├── @babel/helper-string-parser@7.29.7
│ │ │ └── @babel/helper-validator-identifier@7.29.7 deduped
│ │ ├── flow-enums-runtime@0.0.6 deduped
│ │ ├── invariant@2.2.4 deduped
│ │ ├── metro-symbolicate@0.84.5 deduped
│ │ ├── nullthrows@1.1.1 deduped
│ │ ├─┬ ob1@0.84.5
│ │ │ └── flow-enums-runtime@0.0.6 deduped
│ │ ├── source-map@0.5.7
│ │ └── vlq@1.0.1
│ ├── nullthrows@1.1.1
│ ├── pretty-format@29.7.0 deduped
│ ├─┬ promise@8.3.0
│ │ └── asap@2.0.6
│ ├─┬ react-devtools-core@6.1.5
│ │ ├── shell-quote@1.10.0
│ │ └── ws@7.5.13 deduped
│ ├── react-refresh@0.14.2 deduped
│ ├── react@19.2.3 deduped
│ ├── regenerator-runtime@0.13.11
│ ├── scheduler@0.27.0
│ ├── semver@7.8.5
│ ├─┬ stacktrace-parser@0.1.11
│ │ └── type-fest@0.7.1
│ ├─┬ tinyglobby@0.2.17
│ │ ├─┬ fdir@6.5.0
│ │ │ └── picomatch@4.0.7 deduped
│ │ └── picomatch@4.0.7
│ ├── whatwg-fetch@3.6.20
│ ├─┬ ws@7.5.13
│ │ ├── UNMET OPTIONAL DEPENDENCY bufferutil@^4.0.1
│ │ └── UNMET OPTIONAL DEPENDENCY utf-8-validate@^5.0.2
│ └─┬ yargs@17.7.3
│   ├─┬ cliui@8.0.1
│   │ ├── string-width@4.2.3 deduped
│   │ ├── strip-ansi@6.0.1 deduped
│   │ └── wrap-ansi@7.0.0 deduped
│   ├── escalade@3.2.0
│   ├── get-caller-file@2.0.5
│   ├── require-directory@2.1.1
│   ├─┬ string-width@4.2.3
│   │ ├── emoji-regex@8.0.0
│   │ ├── is-fullwidth-code-point@3.0.0
│   │ └── strip-ansi@6.0.1 deduped
│   ├── y18n@5.0.8
│   └── yargs-parser@21.1.1
├── react@19.2.3
└── typescript@6.0.3

exit=0
$ env CI=1 EXPO_NO_TELEMETRY=1 node node_modules/expo/bin/cli install --check
Dependencies are up to date
exit=0
$ node node_modules/typescript/bin/tsc --version
Version 6.0.3
exit=0
